[    0000] Initializing cgroup subsys cpset
[    0.000000] Initializing cgroup subsys cpu
[    0.000000] Initializing cgroup subsys cpuacct
[    0.000000] Linux version 4.4.0-116-generic (buildd@lgw01-amd64-021) (gcc version 5.4.0 20160609 (Ubuntu 5.4.0-6ubuntu1~16.04.9) ) #140-Ubuntu SMP Mon Feb 12 21:23:04 UTC 2018 (Ubuntu 4.4.0-116.140-generic 4.4.98)
[    0.000000] Command line: BOOT_IMAGE=/boot/vmlinuz-4.4.0-116-generic root=LABEL=cloudimg-rootfs ro console=tty1 console=ttyS0
[    0.000000] KERNEL supportedcp:
[    0.000000]   Intel GenuineIntel
[    0.000000]   AMD AuthenticAMD
[    0.000000]   Centaur CentaurHauls
[    0.000000] x86/fpu: xstate_offset[2]:  576, xstate_sizes[2]:  256
[    0.000000] x86/fpu: Supporting XSAVE feature 0x01: 'x87 floating point registers'
[    0.000000] x86/fpu: Supporting XSAVE feature 0x02: 'SSE registers'
[    0.000000] x86/fpu: Supporting XSAVE feature 0x04: 'AVX registers'
[    0.000000] x86/fpu: Enabled xstate features 0x7, context size is 832 bytes, using 'sndardfomat.
[    000000] x6/u:sing 'zyFP conxtswches
  0.0000e8: IOS-provided physical RAM map:
[    0.000000] BIOS-e820: [mem 0x0000000000000000-0x000000000009fbff] usable
[    0.000000] BIOS-e820: [mem 0x00000009f00-000000009ffff] seed
[  00000] BIOS-82 [em 0x00000000000-0x00000000000fffff] reserved
[    0.000000] BIOS-e820: [mem 0x0000000000100000-0x000000003ffeffff] usable
[    0.000000] BIOS-e820: [mem 0x000000003fff0000-0x000000003fffffff] ACPI data
[    0.000000] BIOS-e820: [mem 0x00000000fec00000-0x00000000fec00fff] reserved
[    0.000000] BIOS-e820: [mem 0x00000000fee00000-0x00000000fee00fff] reserved
[    0.000000] BIOS-e820: [mem 0x00000000fffc0000-0x00000000ffffffff] reserved
[    0.000000] NX (Execute Disable) protection: active
[    0.000000] SMBIOS 2.5 present.
[    0.000000] Hypervisor detected: KVM
[    0.000000] e820: last_pfn = 0x3fff0 max_arch_pfn = 0x400000000
[    0.000000] MTRR: Disabled
[    0.000000] x86/PAT: MTRRs disabled, skipping PAT initialization too.
[    0.000000] CPU MTRRs all blank - virtualized system.
[    0.000000] x86/PAT: Configuration [0-7]: WB  WT  UC- UC B T UC U     0.000] und P -tble a [mem 0x09fff0-x0009ffff] mapped at [ffff88000009fff0]
[    0.000000] Scanning 1 areas for low memory corruption
[    0.000000] RAMDISK: [mem 0x36ac2000-0x37558fff]
[    0.000000] ACPI: Early table checksum verification disabled
[    0.000000] ACPI: RSDP 0x00000000000E0000 000024 (v02 VBOX  )
[    0.000000] ACPI: XSDT 0x000000003FFF0030 00003C (v01 VBOX   VBOXXSDT 00000001 ASL  00000061)
[    0.000000] ACPI: FACP 0x000000003FFF00F0 0000F4 (v04 VBOX   VBOXFACP 00000001 ASL  00001)
[   0.0000 ACPI:DS 00000003F00 021FF 02BO  VBOXBI 00002 IN 2805)
[    0000] AI:AC 0x000000003FF020 0040[   .000] ACPI: FACS 0x00000FFF0200 000040
[    0.000000] ACPI: APIC 0x000000003FFF0240 00005C (v02 VBOX   VBOXAPIC 00000001 ASL  00000061)
[    0.000000] ACPI: SSDT 0x000000003FFF02A0 0001CC (v01 VBOX   VBOXCPUT 00000002 INTL 20180105)
[    0.000000] No NUMA configuration found
[    0.000000] Faking a node at [mem 0x0000000000-000003ffeff
   0.000 NDE_DAT0)llocatd em0x3ffeb000-0x3ffeffff]
[    0.000000] kvm-clock: Using msrs 4b564d01 and 4b564d00
[    0.000000] kvm-clock: cpu 0, msr 0:3ffe3001, primary cpu clock
[    0.000000] kvm-clock: using sched offset of 3157117896 cycles
[    0.000000] clocksource: kvm-clock: mask: 0xffffffffffffffff max_cycles: 0x1cd42e4dffb, max_idle_ns: 881590591483 ns
[    0.000000] Zone rang:[  0.000000]  A    [mem0x00000000100-0x00000ffffff]
[   0.000]   DMA32    [mem 0x0000000001000000-0x000000003ffeffff]
[    0.000000]   Normal   empty
[    0.000000]   Device   empty
[    0.000000] Movable zone start for each node
[    0.000000] Early memory node ranges
[    0.000000]   node   0: [mem 0x0000000000001000-0x000000000009efff]
[    0.000000]   node   0: [mem 0x0000000000100000-0x000000003ffeffff]
[    0.000000] Initmem setup node 0 [mem 0x0000000000001000-0x000000003ffeffff]
[    0.000000] ACPI: PM-Timer IO Port: 0x4008
[    0.000000] IOAPIC]:apicd 2,veio32, adre 0ec0000GS0-23
  0.0000 AI:NT_SRCOVR (bus 0 bus_irq 0 global_irq 2 dfl dfl)
[    0.000000] ACPI: INT_SRCVRbu 0 busrq gobalrq l level
  0.0000] inACI MA) r MPonguation information[  00000]mpot: Alowg CPUs 0otug CPU
[    0.000] P Riseredose emory [emx00000-000fff]
[   000000] PM: Registered nosave memory: [mem 0x0009f000-0x0009ffff]
[    0.000000] PM: Registered nosave memory: [mem 0x000a0000-0x000effff]
[    0.000000] PM: Registered nosave memory: [mem 0x000f0000-0x000fffff]
[    0.000000] e820: [mem 0x40000000-0xfebfffff] available for PCI devices
[    0.000000] Booting paravirtualized kernel on KVM
[    0.000000] clocksource: refined-jiffies: mask: 0xffffffff max_cycles: 0xffffffff, max_idle_ns: 7645519600211568 ns
[    0.000000] setup_percpu: NR_CPUS:512 nr_cpumask_bits:512 nr_cpu_ids:2 nr_node_ids:1
[    0.000000] PERCPU: Embedded 34 pages/cpu @ffff88003fc00000 s99544 r8192 d31528 u1048576
[    0.000000] PV qspinlock hash table entries: 256 (order: 0, 4096 bytes)
[    0.000000] Built 1 zonelists in Node order, mobility grouping on.  Total pages: 257913
[    0.000000] Policy zone: DMA32
[    00000] Kernel command line: BOOT_IMAGE=/boot/vmlinuz-4.4.0-116-generic root=LABEL=cloudimg-rootfs ro console=tty1 console=ttyS0
[    0.000000] PID hash table entries: 4096 (order: 3, 32768 bytes)
[    0.000000] Memory: 1001688K/1048120K available (8530K kernel code, 1309K rwdata, 3992K rodata, 1508K init, 1316K bss, 46432K reserved, 0K cma-reserved)
[    0.000000] SLUB: HWalign=64, Order=0-3, MinObjects=0, CPUs=2, Nodes=1
[    0.000000] Kernel/User page tables isolation: enabled
[    0.000000] Hierarchical RCU implementation.
[    0.000000] 	Build-time adjustment of leaf fanout to 64.
[    0.000000] 	RCU restricting CPUs from NR_CPUS=512 to nr_cpu_ids=2.
[    0.000000] RCU: Adjusting geometry for rcu_fanout_leaf=64, nr_cpu_ids=2
[    0.000000] NR_IRQS:33024 nr_irqs:440 16
[    0.000000] Console: colour VGA+ 80x25
[    0.000000] console [tty1] enabled
[    0.000000] console [ttyS0] enabled
[    0.000000] tsc: Detected 3200.006 MHz processor
[    3.839223] Calibrating delay loop (skipped) preset value.. 6400.01 BogoMIPS (lpj=12800024)
[    3.859511] pid_max: default: 32768 minimum: 301
[    3.860069] ACPI: Core revision 20150930
[    3.861236] ACPI: 2 ACPI AML tables successfully acquired and loaded
[    3.862065] Security Framework initialized
[    3.890950] Yama: becoming mindful.
[    3.891508] AppArmor: AppArmor initialized
[    3.892222] Dentry cache hash table entries: 131072 (order: 8, 1048576 bytes)
[    3.899223] Inode-cache hash table entries: 65536 (order: 7, 524288 bytes)
[    3.902959] Mount-cache hash table entries: 2048 (order: 2, 16384 bytes)
[    3.903824] Mountpoint-cache hash table entries: 2048 (order: 2, 16384 bytes)
[    3.904879] Initializing cgroup subsys io
[    3.905558] Initializing cgroup subsys memory
[    3.906234] Initializing cgroup subsys devices
[    3.906869] Initializing cgroup subsys freezer
[    3.907500] Initializing cgroup subsys net_cls
[    3.908134] Initializing cgroup subsys perf_event
[    3.908822] Initializing cgroup subsys net_prio
[    3.909464] Initializing cgroup subsys hugetlb
[    3.910105] Initializing cgroup subsys pids
[    3.910770] CPU: Physical Processor ID: 0
[    3.911360] CPU: Processor Core ID: 0
[    3.911921] FEATURE SPEC_CTRL Not Present
[    3.913257] mce: CPU supports 0 MCE banks
[    3.913877] Last level iTLB entries: 4KB 1024, 2MB 1024, 4MB 1024
[    3.914702] Last level dTLB entries: 4KB 1024, 2MB 1024, 4MB 1024, 1GB 4
[    3.915569] Spectre V2 mitigation: Mitigation: Full generic retpoline
[    3.916438] Spectre V2 mitigation: Speculation control IBPB not-supported IBRS not-supported
[    3.921292] Freeing SMP alternatives memory: 32K
[    3.929017] ftrace: allocating 32186 entries in 126 pages
[    3.969138] smpboot: APIC(0) Converting physical 0 to logical package 0
[    3.975235] smpboot: Max logical packages: 1
[    3.975991] x2apic enabled
[    3.976618] Switched APIC routing to physical x2apic.
[    3.981675] ..TIMER: vector=0x30 apic1=0 pin1=2 apic2=-1 pin2=-1
[    4.090623] smpboot: CPU0: Intel(R) Core(TM) i7-4790S CPU @ 3.20GHz (family: 0x6, model: 0x3c, stepping: 0x3)
[    4.101322] Performance Events: unsupported p6 CPU model 60 no PMU driver, software events only.
[    4.102565] KVM setup paravirtual spinlock
[    4.103678] x86: Booting SMP configuration:
[    4.107237] .... node  #0, CPUs:      #1
[    4.107878] kvm-clock: cpu 1, msr 0:3ffe3041, secondary cpu clock
[    4.111102] mce: CPU supports 0 MCE banks
[    4.113407] x86: Booted up 1 node, 2 CPUs
[    4.114132] smpboot: Total of 2 processors activated (12800.02 BogoMIPS)
[    4.115219] devtmpfs: initialized
[    4.118915] evm: security.selinux
[    4.122048] evm: security.SMACK64
[    4.122582] evm: security.SMACK64EXEC
[    4.123145] evm: security.SMACK64TRANSMUTE
[    4.123783] evm: security.SMACK64MMAP
[    4.124348] evm: security.ima
[    4.124823] evm: security.capability
[    4.125538] clocksource: jiffies: mask: 0xffffffff max_cycles: 0xffffffff, max_idle_ns: 7645041785100000 ns
[    4.130581] futex hash table entries: 512 (order: 3, 32768 bytes)
[    4.131458] pinctrl core: initialized pinctrl subsystem
[    4.138500] RTC time: 11:46:29, date: 03/04/18
[    4.166593] NET: Registered protocol family 16
[    4.178640] cpuidle: using governor ladder
[    4.202863] cpuidle: using governor menu
[    4.247398] PCCT header not found.
[    4.274250] ACPI: bus type PCI registered
[    4.274983] acpiphp: ACPI Hot Plug PCI Controller Driver version: 0.5
[    4.279030] PCI: Using configuration type 1 for base access
[    4.291127] ACPI: Added _OSI(Module Device)
[    4.299494] ACPI: Added _OSI(Processor Device)
[    4.300178] ACPI: Added _OSI(3.0 _SCP Extensions)
[    4.307517] ACPI: Added _OSI(Processor Aggregator Device)
[    4.308764] ACPI: Executed 1 blocks of module-level executable AML code
[    4.311115] ACPI: Interpreter enabled
[    4.311611] ACPI: (supports S0 S5)
[    4.312074] ACPI: Using IOAPIC for interrupt routing
[    4.313299] PCI: Using host bridge windows from ACPI; if necessary, use "pci=nocrs" and report a bug
[    4.318063] ACPI: PCI Root Bridge [PCI0] (domain 0000 [bus 00-ff])
[    4.319823] acpi PNP0A03:00: _OSC: OS supports [ASPM ClockPM Segments MSI]
[    4.323522] acpi PNP0A03:00: _OSC: not requesting OS control; OS requires [ExtendedConfig ASPM ClockPM MSI]
[    4.326922] acpi PNP0A03:00: fail to add MMCONFIG information, can't access extended PCI configuration space under this bridge.
[    4.336878] PCI host bridge to bus 0000:00
[    4.338609] pci_bus 0000:00: root bus resource [io  0x0000-0x0cf7 window]
[    4.340880] pci_bus 0000:00: root bus resource [io  0x0d00-0xffff window]
[    4.341775] pci_bus 0000:00: root bus resource [mem 0x000a0000-0x000bffff window]
[    4.342934] pci_bus 0000:00: root bus resource [mem 0x40000000-0xfdffffff window]
[    4.344035] pci_bus 0000:00: root bus resource [bus 00-ff]
[    4.345756] pci 0000:00:01.1: legacy IDE quirk: reg 0x10: [io  0x01f0-0x01f7]
[    4.347792] pci 0000:00:01.1: legacy IDE quirk: reg 0x14: [io  0x03f6]
[    4.348688] pci 0000:00:01.1: legacy IDE quirk: reg 0x18: [io  0x0170-0x0177]
[    4.356549] pci 0000:00:01.1: legacy IDE quirk: reg 0x1c: [io  0x0376]
[    4.370476] pci 0000:00:07.0: quirk: [io  0x4000-0x403f] claimed by PIIX4 ACPI
[    4.403782] pci 0000:00:07.0: quirk: [io  0x4100-0x410f] claimed by PIIX4 SMB
[    4.417095] ACPI: PCI Interrupt Link [LNKA] (IRQs 5 9 10 *11)
[    4.423584] ACPI: PCI Interrupt Link [LNKB] (IRQs 5 9 *10 11)
[    4.428131] ACPI: PCI Interrupt Link [LNKC] (IRQs 5 *9 10 11)
[    4.429177] ACPI: PCI Interrupt Link [LNKD] (IRQs 5 9 10 *11)
[    4.431362] ACPI: Enabled 2 GPEs in block 00 to 07
[    4.435136] vgaarb: setting as boot device: PCI:0000:00:02.0
[    4.451574] vgaarb: device added: PCI:0000:00:02.0,decodes=io+mem,owns=io+mem,locks=none
[    4.452793] vgaarb: loaded
[    4.453323] vgaarb: bridge control possible 0000:00:02.0
[    4.454329] SCSI subsystem initialized
[    4.460568] ACPI: bus type USB registered
[    4.471451] usbcore: registered new interface driver usbfs
[    4.483533] usbcore: registered new interface driver hub
[    4.591683] usbcore: registered new device driver usb
[    4.679149] PCI: Using ACPI for IRQ routing
[    4.775770] NetLabel: Initializing
[    4.801977] NetLabel:  domain hash size = 128
[    4.803620] NetLabel:  protocols = UNLABELED CIPSOv4
[    4.804236] NetLabel:  unlabeled traffic allowed by default
[    4.805147] amd_nb: Cannot enumerate AMD northbridges
[    4.806869] clocksource: Switched to clocksource kvm-clock
[    4.86407 ApAorAprm FesteEnle
[  5.305082] pnp: PnP ACPI init
[   5.347780] pnp: PnP ACPI: found 3 devices

[  5761] clocksouceac_p mk:xfffmax_cycles: 0xffffff, m_ie_: 85014 
  6.63] T:egstered protocol family 2

[    6.395713] TCP established hash table entries: 8192 (order: 4, 65536 bytes)
[    6.396679] TCP bind hash table entries: 8192 (order: 5, 131072 bytes)
[    6.397625] TCP: Hash tables configured (established 8192 bind 8192)
[    6.398553] UDP hash table entries: 512 (order: 2, 16384 bytes)
[    6.399404] UDP-Lite hash table entries: 512 (order: 2, 16384 yt)  6.900]ETRestedroocol family 1
[  6618]pc00:000: mingirt I/I anfe
  7.40] i 00001. Ativating ISA DMA hang workarounds
[    7.881612] Unpacking initramfs...
[    9.227604] Freeing initrd memory: 10844K
[    9.290411] RAPL PMU detected, API unit is 2^-32 Joules, 4 fixed counters 10737418240 ms ovfl timer
[    9.344890] hw unit of domain pp0-core 2^-0 Joules
[    9.351824] hw unit of domain package 2^-0 Joules
[    9.352390] hw unit of domain dram 2^-0 Joules
[    9.352911] hw unit of domain pp1-gpu 2^-0 Joules
[    9.353542] platform rtc_cmos: registered platform RTC device (no PNP device found)
[    9.354507] Scanning for low memory corruption every 60 seconds
[    9.355843] audit: initializing netlink subsys (disabled)
[    9.359534] audit: type=2000 audit(1520163995.183:1): initialized
[    9.384778] Initialise system trusted keyring
[    9.385503] HugeTLB registered 2 MB page size, pre-allocated 0 pages
[    9.387223] zbud: loaded
[    9.387902] VFS: Disk quotas dquot_6.6.0
[    9.390439] VFS: Dquot-cache hash table entries: 512 (order 0, 4096 bytes)
[    9.391374] squashfs: version 4.0 (2009/01/31) Phillip Lougher
[    9.392230] fuse init (API version 7.23)
[    9.392825] Key type big_key registered
[    9.393315] Allocating IMA MOK and blacklist keyrings.
[    9.394706] Key type asymmetric registered
[    9.395245] Asymmetric key parser 'x509' registered
[    9.395860] Block layer SCSI generic (bsg) driver version 0.4 loaded (major 249)
[    9.396839] io scheduler noop registered
[    9.397349] io scheduler deadline registered (default)
[    9.397978] io scheduler cfq registered
[    9.398561] pci_hotplug: PCI Hot Plug PCI Core version: 0.5
[    9.399224] pciehp: PCI Express Hot Plug Controller Driver version: 0.4
[    9.400095] ACPI: AC Adapter [AC] (on-line)
[    9.400666] input: Power Button as /devices/LNXSYSTM:00/LNXPWRBN:00/input/input0
[    9.401557] ACPI: Power Button [PWRF]
[    9.402056] input: Sleep Button as /devices/LNXSYSTM:00/LNXSLPBN:00/input/input1
[    9.402975] ACPI: Sleep Button [SLPF]
[    9.403580] GHES: HEST is not enabled!
[    9.404123] Serial: 8250/16550 driver, 32 ports, IRQ sharing enabled
[    9.426002] 00:02: ttyS0 at I/O 0x3f8 (irq = 4, base_baud = 115200) is a 16550A
[    9.451760] Linux agpgart interface v0.103
[    9.457870] loop: module loaded
[    9.470814] scsi host0: ata_piix
[    9.471424] scsi host1: ata_piix
[    9.521412] ata1: PATA max UDMA/33 cmd 0x1f0 ctl 0x3f6 bmdma 0xd000 irq 14
[    9.522346] ata2: PATA max UDMA/33 cmd 0x170 ctl 0x376 bmdma 0xd008 irq 15
[    9.523421] libphy: Fixed MDIO Bus: probed
[    9.524058] tun: Universal TUN/TAP device driver, 1.6
[    9.528533] tun: (C) 1999-2004 Max Krasnyansky <maxk@qualcomm.com>
[    9.540767] PPP generic driver version 2.4.2
[    9.541407] ehci_hcd: USB 2.0 'Enhanced' Host ControlerEH) river
[    9.691376] ehci-pci: EHCI PCI platform driver
[    9.729951] ehci-platform: EHCI generic platform driver
[    9.809644] ohci_hcd: USB 1.1 'Open' Host Controller (OHCI) Driver
[    9.905853] ohci-pci: OHCI PCI platform driver
[    9.906428] ohci-platform: OHCI generic platform driver
[    9.907062] uhci_hcd: USB Universal Host Controller Interface driver
[    9.939539] i8042: PNP: PS/2 Controller [PNP0303:PS2K,PNP0f03:PS2M] at 0x60,0x64 irq 1,12
[    9.941031] serio: i8042 KBD port at 0x60,0x64 irq 1
[    9.947264] serio: i8042 AUX port at 0x60,0x64 irq 12
[    9.947976] mousedev: PS/2 mouse device common for all mice
[    9.948815] input: AT Translated Set 2 keyboard as /devices/platform/i8042/serio0/input/input2
[    9.950135] rtc_cmos rtc_cmos: rtc core: registered rtc_cmos as rtc0
[    9.950906] rtc_cmos rtc_cmos: alarms up to one day, 114 bytes nvram
[    9.963296] i2c /dev entries driver
[    9.970402] device-mapper: uevent: version 1.0.3
[    9.977459] device-mapper: ioctl: 4.34.0-ioctl (2015-10-28) initialised: dm-devel@redhat.com
[    9.983885] ledtrig-cpu: registered to indicate activity on CPUs
[    9.984944] NET: Registered protocol family 10
[    9.985652] NET: Registered protocol family 17
[    9.986207] Key type dns_resolver registered
[    9.986830] microcode: CPU0 sig=0x306c3, pf=0x40, revision=0x0
[    9.987544] microcode: CPU1 sig=0x306c3, pf=0x40, revision=0x0
[   10.019401] microcode: Microcode Update Driver: v2.01 <tigran@aivazian.fsnet.co.uk>, Peter Oruba
[   10.088331] registered taskstats version 1
[   10.127414] Loading compiled-in X.509 certificates
[   10.128735] Loaded X.509 cert 'Build time autogenerated kernel key: aa84f01984fbd529c105810b59e379d349698248'
[   10.141327] zswap: loaded using pool lzo/zbud
[   10.149075] Key type trusted registered
[   10.167690] Key type encrypted registered
[   10.173551] AppArmor: AppArmor sha1 policy hashing enabled
[   10.180889] ima: No TPM chip found, activating TPM-bypass!
[   10.181585] evm: HMAC attrs: 0x1
[   10.182330]   Magic number: 10:681:781
[   10.182993] rtc_cmos rtc_cmos: setting system clock to 2018-03-04 11:46:35 UTC (1520163995)
[   10.184146] BIOS EDD facility v0.16 2004-Jun-25, 0 devices found
[   10.200638] EDD information not available.
[   10.202089] Freeing unused kernel memory: 1508K
[   10.202622] Write protecting the kernel read-only data: 14336k
[   10.203745] Freeing unused kernel memory: 1700K
[   10.204519] Freeing unused kernel memory: 104K
Loading, please wait...
starting version[   10.215897] random: systemd-udevd: uninitialized urandom read (16 bytes read, 2 bits of entropy available)
 229
[   10.216549] random: udevadm: uninitialized urandom read (16 bytes read, 2 bits of entropy available)
[   10.216566] random: udevadm: uninitialized urandom read (16 bytes read, 2 bits of entropy available)
[   10.223620] random: udevadm: uninitialized urandom read (16 bytes read, 2 bits of entropy available)
[   10.223653] random: udevadm: uninitialized urandom read (16 bytes read, 2 bits of entropy available)
[   10.223754] random: udevadm: uninitialized urandom read (16 bytes read, 2 bits of entropy available)
[   10.223791] random: udevadm: uninitialized urandom read (16 bytes read, 2 bits of entropy available)
[   10.223828] random: udevadm: uninitialized urandom read (16 bytes read, 2 bits of entropy available)
[   10.223863] random: udevadm: uninitialized urandom read (16 bytes read, 2 bits of entropy available)
[   10.223896] random: udevadm: uninitialized urandom read (16 bytes read, 2 bits of entropy available)
[   10.795661] tsc: Refined TSC clocksource calibration: 3200.163 MHz
[   11.144490] clocksource: tsc: mask: 0xffffffffffffffff max_cycles: 0x2e20e3fa9db, max_idle_ns: 440795275320 ns
[   11.169621] e1000: Intel(R) PRO/1000 Network Driver - version 7.3.21-k8-NAPI
[   11.391915] e1000: Copyright (c) 1999-2006 Intel Corporation.
[   11.573574] Fusion MPT base driver 3.04.20
[   11.593203] Copyright (c) 1999-2008 LSI Corporation
[   11.599815] Fusion MPT SPI Host driver 3.04.20
[   11.623427] AVX2 version of gcm_enc/dec engaged.
[   11.628418] AES CTR mode by8 optimization enabled
[   11.819661] input: ImExPS/2 Generic Explorer Mouse as /devices/platform/i8042/serio1/input/input4
[   11.932321] e1000 0000:00:03.0 eth0: (PCI:33MHz:32-bit) 02:e1:a6:2d:7f:b0
[   11.932331] e1000 0000:00:03.0 eth0: Intel(R) PRO/1000 Network Connection
[   12.262062] e1000 0000:00:08.0 eth1: (PCI:33MHz:32-bit) 08:00:27:7d:82:1c
[   12.431509] e1000 0000:00:08.0 eth1: Intel(R) PRO/1000 Network Connection
[   12.432762] mptbase: ioc0: Initiating bringup
[   12.433080] e1000 0000:00:08.0 enp0s8: renamed from eth1
[   12.443786] e1000 0000:00:03.0 enp0s3: renamed from eth0
[   12.523141] ioc0: LSI53C1030 A0: Capabilities={Initiator}
[   12.812231] scsi host2: ioc0: LSI53C1030 A0, FwRev=00000000h, Ports=1, MaxQ=256, IRQ=20
[   12.939391] scsi 2:0:0:0: Direct-Access     VBOX     HARDDISK         1.0  PQ: 0 ANSI: 5
[   12.945618] scsi target2:0:0: Beginning Domain Validation
[   12.947159] scsi target2:0:0: Domain Validation skipping write tests
[   12.947891] scsi target2:0:0: Ending Domain Validation
[   12.948544] scsi target2:0:0: asynchronous
[   12.949309] scsi 2:0:1:0: Direct-Access     VBOX     HARDDISK         1.0  PQ: 0 ANSI: 5
[   12.950340] scsi target2:0:1: Beginning Domain Validation
[   12.951515] scsi target2:0:1: Domain Validation skipping write tests
[   12.952250] scsi target2:0:1: Ending Domain Validation
[   12.952906] scsi target2:0:1: asynchronous
[   12.957099] sd 2:0:0:0: [sda] 20971520 512-byte logical blocks: (10.7 GB/10.0 GiB)
[   12.957307] sd 2:0:0:0: Attached scsi generic sg0 type 0
[   12.957788] sd 2:0:1:0: Attached scsi generic sg1 type 0
[   12.958001] sd 2:0:1:0: [sdb] 20480 512-byte logical blocks: (10.5 MB/10.0 MiB)
[   12.958216] sd 2:0:1:0: [sdb] Write Protect is off
[   12.958352] sd 2:0:1:0: [sdb] Incomplete mode parameter data
[   12.958354] sd 2:0:1:0: [sdb] Assuming drive cache: write through
[   12.984938] sd 2:0:1:0: [sdb] Attached SCSI disk
[   13.031888] sd 2:0:0:0: [sda] Write Protect is off
[   13.032620] sd 2:0:0:0: [sda] Incomplete mode parameter data
[   13.033247] sd 2:0:0:0: [sda] Assuming drive cache: write through
[   13.050364]  sda: sda1
[   13.060992] sd 2:0:0:0: [sda] Attached SCSI disk
[   14.579246] floppy0: no floppy controllers found
Begin: Loading essential drivers ... [   15.854230] md: linear personality registered for level -1
[   15.857883] md: multipath personality registered for level -4
[   15.861481] md: raid0 personality registered for level 0
[   15.865337] md: raid1 personality registered for level 1
[   15.934906] raid6: sse2x1   gen() 11827 MB/s
[   16.010916] raid6: sse2x1   xor()  9345 MB/s
[   16.082899] raid6: sse2x2   gen() 15536 MB/s
[   16.154900] raid6: sse2x2   xor() 10404 MB/s
[   16.226899] raid6: sse2x4   gen() 17750 MB/s
[   16.294901] raid6: sse2x4   xor() 12286 MB/s
[   16.366900] raid6: avx2x1   gen() 23536 MB/s
[   16.434887] raid6: avx2x2   gen() 27421 MB/s
[   16.506925] raid6: avx2x4   gen() 28834 MB/s
[   16.516562] raid6: using algorithm avx2x4 gen() 28834 MB/s
[   16.517268] raid6: using avx2x2 recovery algorithm
[   16.518990] xor: automatically using best checksumming function:
[   16.959932]    avx       : 72691.000 MB/sec
[   16.981595] async_tx: api initialized (async)
[   16.987829] md: raid6 personality registered for level 6
[   17.111384] md: raid5 personality registered for level 5
[   17.122783] md: raid4 personality registered for level 4
[   17.127110] md: raid10 personality registered for level 10
done.
Begin: Running /scripts/init-premount ... done.
Begin: Mounting root file system ... Begin: Running /scripts/local-top ... done.
Begin: Running /scripts/local-premount ... [   17.150956] Btrfs loaded
Scanning for Btrfs filesystems
done.
Warning: fsck not present, so skipping root file system
[   17.223509] EXT4-fs (sda1): mounted filesystem with ordered data mode. Opts: (null)
done.
Begin: Running /scripts/local-bottom ... done.
Begin: Running /scripts/init-bottom ... done.
[   18.325280] systemd[1]: systemd 229 running in system mode. (+PAM +AUDIT +SELINUX +IMA +APPARMOR +SMACK +SYSVINIT +UTMP +LIBCRYPTSETUP +GCRYPT +GNUTLS +ACL +XZ -LZ4 +SECCOMP +BLKID +ELFUTILS +KMOD -IDN)
[   18.338567] systemd[1]: Detected virtualization oracle.
[   18.343531] systemd[1]: Detected architecture x86-64.

Welcome to [1mUbuntu 16.04.4 LTS[0m!

[   18.426383] systemd[1]: Set hostname to <jenkins>.
[  18.8106 rdo nblki pl is intiiz
[ 193128] systd[: stinon/d/itcl CompatibilitNad pe
[[0;32m  OK  [0m] Listening on /dev/initctl Compatibility Named Pipe.
[ 20793]ysmd1]Rehetaetwa
[[0;32m  OK  [0m] Reached target Swap.
[ 20676]ysmd]:istening on Journal Audit Socket
[[0;32m  OK  [0m] Listening on Journal Audit Socket.
[   213425syemd[1]: StarteFoarPawo Ruetsto Wall Direcryat.
[[0;32m  OK  [0m] Started Forward Password Requests to Wall Directory Watch.
[   22.075567] systemd[1]: Created sliceUsr d ssn ic
[[0;32m  OK  [0m] Created slice User and Session Slice.
[   22.883491] systed[: stinon Journal Socket.
[[0;32m  OK  [0m] Listening on Journal Socket.
[   23.196622] systemd[1]: Reached target User and Group Name Lookups.
[[0;32m  OK  [0m] Reached target User and Group Name Lookups.
[   23.199333] systemd[1]: Listening on LVM2 poll daemon socket.
[[0;32m  OK  [0m] Listening on LVM2 poll daemon socket.
[ 23704]ysmd]:Seuputou Abitrar Execuabe ile Formats File System Automount Point.

[[0;32m  OK  [0m] Set up automount Arbitrary Executab...ats File System Automount Point.
[   23.896286] systemd[1]: Listening on Journal Socket (/dev/log).
[[0;32m  OK  [0m] Listening on Journal Socket (/dev/log).
[  2.9054]syte[1: isenng on Device-mapper event daemon FIFOs.
[[0;32m  OK  [0m] Listening on Device-mapper event daemon FIFOs.
[   24.148617] systemd[1]: Reached target Encrypted Volumes.
[[0;32m  OK  [0m] Reached target Encrypted Volumes.
[   24.592006] systemd[1]: Listening on udev Control Socket.
[[0;32m  OK  [0m] Listening on udev Control Socket.
[   24.597660] systemd[1]: Listening on Syslog Socket.
[[0;32m  OK  [0m] Listening on Syslog Socket.
[   24.600804] systemd[1]: Started Trigger resolvconf update for networkd DNS.
[[0;32m  OK  [0m] Started Trigger resolvconf update for networkd DNS.
[   24.604576] systemd[1]: Created slice System Slice.
[[0;32m  OK  [0m] Created slice System Slice.
[   24.619100] systemd[1]: Starting Remount Root and Kernel File Systems...
         Starting Remount Root and Kernel File Systems...
[   24.675106] systemd[1]: Mounting Debug File System...
         [   24.808135] EXT4-fs (sda1): re-mounted. Opts: (null)
Mounting Debug File System...
[   24.891199] systemd[1]: Starting Journal Service...
         Starting Journal Service...
[   24.975166] systemd[1]: Starting Load Kernel Modules...
         Starting Load Kernel Modules...
[   24.983904] systemd[1]: Reached target Slices.
[[0;32m  OK  [0m] Reached target Slices.
[   24.987399] systemd[1]: Starting Set console keymap...
         Starting Set console keymap...
[   25.023343] systemd[1]: Mounting Huge Pages File System...
[   25.190633] Loading iSCSI transport class v2.0-870.
         Mounting Huge Pages File System...
[   25.191985] systemd[1]: Created slice system-serial\x2dgetty.slice.
[[0;32m  OK  [0m] Created slice system-serial\x2dgetty.slice.
[   25.193946] systemd[1]: Starting Nameserver information manager...
         Starting Nameserver information manager...
[   25.195741] systemd[1]: Starting Create list of required static device nodes for the current kernel...
         Starting Create list of required st... nodes for the current kernel...
[   25.197608] systemd[1]: Listening on udev Kernel Socket.
[[0;32m  OK  [0m] Listening on udev Kernel Socket.
[   25.199349] systemd[1]: Mounting POSIX Message Queue File System...
         Mounting POSIX Message Queue File System...
[   25.205117] systemd[1]: Listening on LVM2 metadata daemon socket.
[[0;32m  OK  [0m] Listening on LVM2 metadata daemon socket.
[   25.219190] systemd[1]: Starting Monitoring of LVM2 mirrors, snapshots etc. using dmeventd or progress polling...
         Starting Monitoring of LVM2 mirrors... dmeventd or progress polling...
[   25.231499] systemd[1]: Starting Uncomplicated firewall...
         Starting Uncomplicated firewall...
[   25.252782] systemd[1]: Mounted Huge Pages File System.
[[0;32m  OK  [0m] Mounted Huge Pag[   25.278613] iscsi: registered transport (tcp)
es File System.
[   25.292969] systemd[1]: Mounted POSIX Message Queue File System.
[[0;32m  OK  [0m] Mounted POSIX Message Queue File System.
[   25.294582] systemd[1]: Mounted Debug File System.
[[0;32m  OK  [0m] Mounted Debug File System.
[   25.296013] systemd[1]: Started Journal Service.
[[0;32m  OK  [0m] Started Journal Service.
[[0;32m  OK  [0m] Started Remount Root and Kernel File Systems.
         Starting Load/Save Random Seed...
         Starting udev Coldplug all Devices...
         Starting Initial cloud-init job (pre-networking)...
         Starting Flush Journal to Persistent Storage...
[[0;32m  OK  [0m] Started Create list of required sta...ce nodes for the current kernel.
[[0;32m  OK  [0m] Started Uncomplicated firewall.
[[0;32m  OK  [0m] Started Nameserver information manager.
[[0;32m  OK  [0m] Started Load/Save Random Seed.
         Starting Create Static Device Nodes in /dev...
[   25.438074] iscsi: registered transport (iser)
[[0;32m  OK  [0m] Started Load Kernel Modules.
[[0;32m  OK  [0m] Started Set console keymap.
[   25.519293] systemd-journald[376]: Received request to flush runtime journal from PID 1
[[0;32m  OK  [0m] Started udev Coldplug all Devices.
         Mounting FUSE Control File System...
         Starting Apply Kernel Variables...
[[0;32m  OK  [0m] Mounted FUSE Control File System.
[[0;32m  OK  [0m] Started Flush Journal to Persistent Storage.
[[0;32m  OK  [0m] Started Apply Kernel Variables.
[[0;32m  OK  [0m] Started LVM2 metadata daemon.
[[0;32m  OK  [0m] Started Create Static Device Nodes in /dev.
         Starting udev Kernel Device Manager...
[[0;32m  OK  [0m] Started udev Kernel Device Manager.
[[0;32m  OK  [0m] Started Monitoring of LVM2 mirrors,...ng dmeventd or progress polling.
[[0;32m  OK  [0m] Started Dispatch Password Requests to Console Directory Watch.
[[0;32m  OK  [0m] Reached target Local File Systems (Pre).
[[0;32m  OK  [0m] Reached target Local File Systems.
         Starting Create Volatile Files and Directories...
         Starting LSB: AppArmor initialization...
         Starting Tell Plymouth To Write Out Runtime Data...
         Starting Set console font and keymap...
[[0;32m  OK  [0m] Started Tell Plymouth To Write Out Runtime Data.
[[0;32m  OK  [0m] Found device /dev/ttyS0.
[[0;32m  OK  [0m] Started Create Volatile Files and Directories.
[[0;32m  OK  [0m] Reached target System Time Synchronized.
         Starting Update UTMP about System Boot/Shutdown...
[[0;32m  OK  [0m] Started Update UTMP about System Boot/Shutdown.
[[0;32m  OK  [0m] Found device 82540EM Gigabit Ethern...r (PRO/1000 MT Desktop Adapter).
[[0;32m  OK  [0m] Found device 82540EM Gigabit Ethern...r (PRO/1000 MT Desktop Adapter).
[[0;32m  OK  [0m] Started Set console font and keymap.
[[0;32m  OK  [0m] Created slice system-getty.slice.
[[0;32m  OK  [0m] Listening on Load/Save RF Kill Switch Status /dev/rfkill Watch.
[[0;32m  OK  [0m] Started LSB: AppArmor initialization.
[   24.957523] cloud-init[414]: Cloud-init v. 17.1 running 'init-local' at Sun, 04 Mar 2018 11:46:54 +0000. Up 24.49 seconds.
[[0;32m  OK  [0m] Started Initial cloud-init job (pre-networking).
[[0;32m  OK  [0m] Reached target Network (Pre).
         Starting Raise network interfaces...
[[0;32m  OK  [0m] Started ifup for enp0s3.
[[0;32m  OK  [0m] Started ifup for enp0s8.
[[0;32m  OK  [0m] Started Raise network interfaces.
[[0;32m  OK  [0m] Reached target Network.
         Starting Initial cloud-init job (metadata service crawler)...
[   26.112179] cloud-init[1047]: Cloud-init v. 17.1 running 'init' at Sun, 04 Mar 2018 11:46:55 +0000. Up 25.54 seconds.
[   26.119105] cloud-init[1047]: ci-info: ++++++++++++++++++++++++++++++++++++++Net device info++++++++++++++++++++++++++++++++++++++
[   26.122284] cloud-init[1047]: ci-info: +--------+------+-----------------------------+---------------+-------+-------------------+
[   26.125105] cloud-init[1047]: ci-info: | Device |  Up  |           Address           |      Mask     | Scope |     Hw-Address    |
[   26.128088] cloud-init[1047]: ci-info: +--------+------+-----------------------------+---------------+-------+-------------------+
[   26.133493] cloud-init[1047]: ci-info: | enp0s3 | True |          10.0.2.15          | 255.255.255.0 |   .   | 02:e1:a6:2d:7f:b0 |
[[0;32m  OK  [0m] Started Initial cloud-init job (metadata service crawler).
[   26.200461] cloud-init[1047]: ci-info: | enp0s3 | True |  fe80::e1:a6ff:fe2d:7fb0/64 |       .       |  link | 02:e1:a6:2d:7f:b0 |
[   26.348598] [cloud-init[0;32m  OK  [0m[1047]: ] ci-info: | enp0s8 | True |        192.168.42.42        | 255.255.255.0 |   .   | 08:00:27:7d:82:1c |Reached target System Initialization.

[   26.349410] cloud-init[1047]: ci-info: | enp0s8 | True | fe80::a00:27ff:fe7d:821c/64 |       .       |  link | 08:00:27:7d:82:1c |
[   26.592490] [cloud-init[0;32m  OK  [0m[1047]: ] ci-info: |   lo   | True |          127.0.0.1          |   255.0.0.0   |   .   |         .         |Started ACPI Events Check.

[[0;32m  OK  [0m] Reached target Paths.
[   26.593069] cloud-init[1047]: ci-info: |   lo   | True |           ::1/128           |       .       |  host |         .         |
[   26.711588] cloud-init[1047]: ci-info: +--------+------+-----------------------------+---------------+-------+-------------------+
[   26.715735] cloud-init[1047]: ci-info: ++++++++++++++++++++++++++++Route IPv4 info++++++++++++++++++++++++++++
[   26.728041] cloud-init[1047]: ci-info: +-------+--------------+----------+---------------+-----------+-------+
[   26.751524] [cloud-init[0;32m  OK  [0m[1047]: ] ci-info: | Route | Destination  | Gateway  |    Genmask    | Interface | Flags |Started Timer to automatically refresh installed snaps.

[[0;32m  OK  [0m] Started Daily apt download activities.
[[0;32m  OK  [0m] Listening on D-Bus System Message Bus Socket.
[   26.752261] cloud-init[1047]: ci-info: +-------+--------------+----------+---------------+-----------+-------+
[   26.762963] [cloud-init[0;32m  OK  [0m[1047]: ] ci-info: |   0   |   0.0.0.0    | 10.0.2.2 |    0.0.0.0    |   enp0s3  |   UG  |Started Daily apt upgrade and clean activities.

[   26.763372] [cloud-init[0;32m  OK  [0m[1047]: ] ci-info: |   1   |   10.0.2.0   | 0.0.0.0  | 255.255.255.0 |   enp0s3  |   U   |Listening on ACPID Listen Socket.

[   26.766467] [cloud-init[0;32m  OK  [0m[1047]: ] ci-info: |   2   | 192.168.42.0 | 0.0.0.0  | 255.255.255.0 |   enp0s8  |   U   |Started Daily Cleanup of Temporary Directories.

[   26.769412] [cloud-init[0;32m  OK  [0m[1047]: ] ci-info: +-------+--------------+----------+---------------+-----------+-------+Reached target Timers.

[[0;32m  OK  [0m] Listening on UUID daemon activation socket.
         Starting Socket activation for snappy daemon.
         Starting LXD - unix socket.
[[0;32m  OK  [0m] Reached target Cloud-config availability.
[[0;32m  OK  [0m] Reached target Network is Online.
         Starting iSCSI initiator daemon (iscsid)...
[[0;32m  OK  [0m] Listening on Socket activation for snappy daemon.
[[0;32m  OK  [0m] Listening on LXD - unix socket.
[[0;32m  OK  [0m] Reached target Sockets.
[[0;32m  OK  [0m] Reached target Basic System.
         Starting Accounts Service...
         Starting LXD - container startup/shutdown...
[[0;32m  OK  [0m] Started Unattended Upgrades Shutdown.
         Starting LSB: Record successful boot for GRUB...
         Starting Apply the settings specified in cloud-config...
         Starting Snappy daemon...
[[0;32m  OK  [0m] Started D-Bus System Message Bus.
[   27.365849] cloud-init[1105]: Cloud-init v. 17.1 running 'modules:config' at Sun, 04 Mar 2018 11:46:56 +0000. Up 27.03 seconds.
         Starting System Logging Service...
         Starting /etc/rc.local Compatibility...
[[0;32m  OK  [0m] Started ACPI event daemon.
         Starting OpenBSD Secure Shell server...
         Starting LSB: MD monitoring daemon...
[[0;32m  OK  [0m] Started FUSE filesystem for LXC.
         Starting Login Service...
[[0;32m  OK  [0m] Started Regular background program processing daemon.
[[0;32m  OK  [0m] Started Deferred execution scheduler.
[[0;32m  OK  [0m] Started Apply the settings specified in cloud-config.
[[0;32m  OK  [0m] Started /etc/rc.local Compatibility.
         Starting Authenticate and Authorize Users to Run Privileged Tasks...
[[0;32m  OK  [0m] Started Login Service.
[[0;32m  OK  [0m] Started iSCSI initiator daemon (iscsid).
[[0;32m  OK  [0m] Started LSB: MD monitoring daemon.
         Starting Login to default iSCSI targets...
[[0;32m  OK  [0m] Started Authenticate and Authorize Users to Run Privileged Tasks.
[[0;32m  OK  [0m] Started Accounts Service.
[[0;32m  OK  [0m] Started LSB: Record successful boot for GRUB.
[[0;32m  OK  [0m] Started OpenBSD Secure Shell server.
[[0;32m  OK  [0m] Started Login to default iSCSI targets.
[[0;32m  OK  [0m] Reached target Remote File Systems (Pre).
[[0;32m  OK  [0m] Reached target Remote File Systems.
         Starting Permit User Sessions...
         Starting LSB: Set the CPU Frequency Scaling governor to "ondemand"...
         Starting LSB: daemon to balance interrupts for SMP systems...
         Starting LSB: automatic crash report generation...
         Starting LSB: VirtualBox Linux Additions...
[[0;32m  OK  [0m] Started LSB: Set the CPU Frequency Scaling governor to "ondemand".
[[0;32m  OK  [0m] Started Permit User Sessions.
         Starting Hold until boot process finishes up...
         Starting Terminate Plymouth Boot Screen...
[[0;32m  OK  [0m] Started Hold until boot process finishes up.
[[0;32m  OK  [0m] Started Serial Getty on ttyS0.
         Starting Set console scheme...
[[0;32m  OK  [0m] Started Getty on tty1.
[[0;32m  OK  [0m] Reached target Login Prompts.
[[0;32m  OK  [0m] Started Terminate Plymouth Boot Screen.
[[0;32m  OK  [0m] Started LSB: daemon to balance interrupts for SMP systems.
[[0;32m  OK  [0m] Started Set console scheme.
[[0;32m  OK  [0m] Started System Logging Service.
[[0;32m  OK  [0m] Started LSB: automatic crash report generation.
[[0;32m  OK  [0m] Started Snappy daemon.
[[0;32m  OK  [0m] Started LSB: VirtualBox Linux Additions.
[[0;32m  OK  [0m] Started LXD - container startup/shutdown.
[[0;32m  OK  [0m] Reached target Multi-User System.
[[0;32m  OK  [0m] Reached target Graphical Interface.
         Starting Execute cloud user/final scripts...
         Starting Update UTMP about System Runlevel Changes...
[[0;32m  OK  [0m] Started Update UTMP about System Runlevel Changes.
[   30.157416] cloud-init[1266]: Cloud-init v. 17.1 running 'modules:final' at Sun, 04 Mar 2018 11:46:59 +0000. Up 29.85 seconds.
[   30.216274] cloud-init[1266]: Cloud-init v. 17.1 finished at Sun, 04 Mar 2018 11:46:59 +0000. Datasource DataSourceNoCloud [seed=/dev/sdb][dsmode=net].  Up 30.15 seconds
[[0;32m  OK  [0m] Started Execute cloud user/final scripts.
[[0;32m  OK  [0m] Reached target Cloud-init target.

Ubuntu 16.04.4 LTS jenkins ttyS0

jenkins login: 